

================================================================
== Vitis HLS Report for 'fir'
================================================================
* Date:           Thu Oct  8 19:19:00 2026

* Version:        2024.2 (Build 5238294 on Nov  8 2024)
* Project:        fir.comp
* Solution:       hls (Vivado IP Flow Target)
* Product family: zynq
* Target device:  xc7z020-clg400-1


================================================================
== Performance Estimates
================================================================
+ Timing: 
    * Summary: 
    +--------+----------+----------+------------+
    |  Clock |  Target  | Estimated| Uncertainty|
    +--------+----------+----------+------------+
    |ap_clk  |  10.00 ns|  6.912 ns|     2.70 ns|
    +--------+----------+----------+------------+

+ Latency: 
    * Summary: 
    +---------+---------+----------+----------+-----+-----+---------+
    |  Latency (cycles) |  Latency (absolute) |  Interval | Pipeline|
    |   min   |   max   |    min   |    max   | min | max |   Type  |
    +---------+---------+----------+----------+-----+-----+---------+
    |      512|      512|  5.120 us|  5.120 us|  513|  513|       no|
    +---------+---------+----------+----------+-----+-----+---------+

    + Detail: 
        * Instance: 
        N/A

        * Loop: 
        +-----------------------+---------+---------+----------+-----------+-----------+------+----------+
        |                       |  Latency (cycles) | Iteration|  Initiation Interval  | Trip |          |
        |       Loop Name       |   min   |   max   |  Latency |  achieved |   target  | Count| Pipelined|
        +-----------------------+---------+---------+----------+-----------+-----------+------+----------+
        |- Tapped_Delayed_Line  |      190|      190|         3|          -|          -|    63|        no|
        |- Multiply_Accumulate  |      320|      320|         5|          -|          -|    64|        no|
        +-----------------------+---------+---------+----------+-----------+-----------+------+----------+



================================================================
== Utilization Estimates
================================================================
* Summary: 
+-----------------+---------+-----+--------+-------+-----+
|       Name      | BRAM_18K| DSP |   FF   |  LUT  | URAM|
+-----------------+---------+-----+--------+-------+-----+
|DSP              |        -|    -|       -|      -|    -|
|Expression       |        -|    -|       0|    135|    -|
|FIFO             |        -|    -|       -|      -|    -|
|Instance         |        -|    4|     330|    100|    -|
|Memory           |        3|    -|       0|      0|    0|
|Multiplexer      |        -|    -|       0|    125|    -|
|Register         |        -|    -|     288|      -|    -|
+-----------------+---------+-----+--------+-------+-----+
|Total            |        3|    4|     618|    360|    0|
+-----------------+---------+-----+--------+-------+-----+
|Available        |      280|  220|  106400|  53200|    0|
+-----------------+---------+-----+--------+-------+-----+
|Utilization (%)  |        1|    1|      ~0|     ~0|    0|
+-----------------+---------+-----+--------+-------+-----+

+ Detail: 
    * Instance: 
    +----------------------+-------------------+---------+----+-----+----+-----+
    |       Instance       |       Module      | BRAM_18K| DSP|  FF | LUT| URAM|
    +----------------------+-------------------+---------+----+-----+----+-----+
    |mul_6s_32s_32_2_1_U1  |mul_6s_32s_32_2_1  |        0|   2|  165|  50|    0|
    |mul_6s_32s_32_2_1_U2  |mul_6s_32s_32_2_1  |        0|   2|  165|  50|    0|
    +----------------------+-------------------+---------+----+-----+----+-----+
    |Total                 |                   |        0|   4|  330| 100|    0|
    +----------------------+-------------------+---------+----+-----+----+-----+

    * DSP: 
    N/A

    * Memory: 
    +-----------------+---------------------------+---------+---+----+-----+------+-----+------+-------------+
    |      Memory     |           Module          | BRAM_18K| FF| LUT| URAM| Words| Bits| Banks| W*Bits*Banks|
    +-----------------+---------------------------+---------+---+----+-----+------+-----+------+-------------+
    |fir_int_int_c_U  |fir_int_int_c_ROM_AUTO_1R  |        1|  0|   0|    0|   128|   32|     1|         4096|
    |shift_reg_U      |shift_reg_RAM_AUTO_1R1W    |        2|  0|   0|    0|   128|   32|     1|         4096|
    +-----------------+---------------------------+---------+---+----+-----+------+-----+------+-------------+
    |Total            |                           |        3|  0|   0|    0|   256|   64|     2|         8192|
    +-----------------+---------------------------+---------+---+----+-----+------+-----+------+-------------+

    * FIFO: 
    N/A

    * Expression: 
    +----------------------+----------+----+---+----+------------+------------+
    |     Variable Name    | Operation| DSP| FF| LUT| Bitwidth P0| Bitwidth P1|
    +----------------------+----------+----+---+----+------------+------------+
    |acc_1_fu_277_p2       |         +|   0|  0|  32|          32|          32|
    |add_ln33_1_fu_204_p2  |         +|   0|  0|  14|           7|           3|
    |add_ln33_fu_183_p2    |         +|   0|  0|  14|           7|           2|
    |add_ln40_1_fu_262_p2  |         +|   0|  0|  15|           8|           3|
    |add_ln40_fu_250_p2    |         +|   0|  0|  14|           7|           2|
    |add_ln43_fu_273_p2    |         +|   0|  0|  32|          32|          32|
    |icmp_ln30_fu_194_p2   |      icmp|   0|  0|  14|           7|           1|
    +----------------------+----------+----+---+----+------------+------------+
    |Total                 |          |   0|  0| 135|         100|          75|
    +----------------------+----------+----+---+----+------------+------------+

    * Multiplexer: 
    +--------------------------+----+-----------+-----+-----------+
    |           Name           | LUT| Input Size| Bits| Total Bits|
    +--------------------------+----+-----------+-----+-----------+
    |acc_fu_66                 |   9|          2|   32|         64|
    |ap_NS_fsm                 |  53|         10|    1|         10|
    |i_1_fu_70                 |   9|          2|    8|         16|
    |i_fu_62                   |   9|          2|    7|         14|
    |shift_reg_address0_local  |  25|          5|    7|         35|
    |shift_reg_address1_local  |  20|          4|    7|         28|
    +--------------------------+----+-----------+-----+-----------+
    |Total                     | 125|         25|   62|        167|
    +--------------------------+----+-----------+-----+-----------+

    * Register: 
    +------------------------------+----+----+-----+-----------+
    |             Name             | FF | LUT| Bits| Const Bits|
    +------------------------------+----+----+-----+-----------+
    |acc_fu_66                     |  32|   0|   32|          0|
    |ap_CS_fsm                     |   9|   0|    9|          0|
    |fir_int_int_c_load_1_reg_370  |  32|   0|   32|          0|
    |fir_int_int_c_load_reg_360    |  32|   0|   32|          0|
    |i_1_fu_70                     |   8|   0|    8|          0|
    |i_fu_62                       |   7|   0|    7|          0|
    |icmp_ln30_reg_309             |   1|   0|    1|          0|
    |mul_ln43_1_reg_380            |  32|   0|   32|          0|
    |mul_ln43_reg_375              |  32|   0|   32|          0|
    |shift_reg_addr_reg_303        |   7|   0|    7|          0|
    |shift_reg_load_2_reg_355      |  32|   0|   32|          0|
    |shift_reg_load_3_reg_365      |  32|   0|   32|          0|
    |x_read_reg_295                |  32|   0|   32|          0|
    +------------------------------+----+----+-----+-----------+
    |Total                         | 288|   0|  288|          0|
    +------------------------------+----+----+-----+-----------+



================================================================
== Interface
================================================================
* Summary: 
+----------+-----+-----+------------+--------------+--------------+
| RTL Ports| Dir | Bits|  Protocol  | Source Object|    C Type    |
+----------+-----+-----+------------+--------------+--------------+
|ap_clk    |   in|    1|  ap_ctrl_hs|           fir|  return value|
|ap_rst    |   in|    1|  ap_ctrl_hs|           fir|  return value|
|ap_start  |   in|    1|  ap_ctrl_hs|           fir|  return value|
|ap_done   |  out|    1|  ap_ctrl_hs|           fir|  return value|
|ap_idle   |  out|    1|  ap_ctrl_hs|           fir|  return value|
|ap_ready  |  out|    1|  ap_ctrl_hs|           fir|  return value|
|y         |  out|   32|      ap_vld|             y|       pointer|
|y_ap_vld  |  out|    1|      ap_vld|             y|       pointer|
|x         |   in|   32|     ap_none|             x|        scalar|
+----------+-----+-----+------------+--------------+--------------+

