

================================================================
== Vitis HLS Report for 'fir'
================================================================
* Date:           Thu Oct  8 20:40:42 2026

* Version:        2024.2 (Build 5238294 on Nov  8 2024)
* Project:        fir.comp
* Solution:       hls (Vivado IP Flow Target)
* Product family: zynq
* Target device:  xc7z020-clg400-1


================================================================
== Performance Estimates
================================================================
+ Timing: 
    * Summary: 
    +--------+----------+----------+------------+
    |  Clock |  Target  | Estimated| Uncertainty|
    +--------+----------+----------+------------+
    |ap_clk  |  10.00 ns|  7.040 ns|     2.70 ns|
    +--------+----------+----------+------------+

+ Latency: 
    * Summary: 
    +---------+---------+----------+----------+-----+-----+---------+
    |  Latency (cycles) |  Latency (absolute) |  Interval | Pipeline|
    |   min   |   max   |    min   |    max   | min | max |   Type  |
    +---------+---------+----------+----------+-----+-----+---------+
    |      208|      208|  2.080 us|  2.080 us|  209|  209|       no|
    +---------+---------+----------+----------+-----+-----+---------+

    + Detail: 
        * Instance: 
        +--------------------------------------------+----------------------------------+---------+---------+----------+----------+-----+-----+------------------------------------------------+
        |                                            |                                  |  Latency (cycles) |  Latency (absolute) |  Interval |                    Pipeline                    |
        |                  Instance                  |              Module              |   min   |   max   |    min   |    max   | min | max |                      Type                      |
        +--------------------------------------------+----------------------------------+---------+---------+----------+----------+-----+-----+------------------------------------------------+
        |grp_fir_Pipeline_Tapped_Delayed_Line_fu_72  |fir_Pipeline_Tapped_Delayed_Line  |      134|      134|  1.340 us|  1.340 us|  130|  130|  loop auto-rewind stp (delay=0 clock cycles(s))|
        |grp_fir_Pipeline_Multiply_Accumulate_fu_84  |fir_Pipeline_Multiply_Accumulate  |       69|       69|  0.690 us|  0.690 us|   65|   65|  loop auto-rewind stp (delay=0 clock cycles(s))|
        +--------------------------------------------+----------------------------------+---------+---------+----------+----------+-----+-----+------------------------------------------------+

        * Loop: 
        N/A



================================================================
== Utilization Estimates
================================================================
* Summary: 
+-----------------+---------+-----+--------+-------+-----+
|       Name      | BRAM_18K| DSP |   FF   |  LUT  | URAM|
+-----------------+---------+-----+--------+-------+-----+
|DSP              |        -|    -|       -|      -|    -|
|Expression       |        -|    -|       0|      2|    -|
|FIFO             |        -|    -|       -|      -|    -|
|Instance         |        0|    4|     956|    811|    -|
|Memory           |        8|    -|       0|      0|    0|
|Multiplexer      |        -|    -|       0|    230|    -|
|Register         |        -|    -|       8|      -|    -|
+-----------------+---------+-----+--------+-------+-----+
|Total            |        8|    4|     964|   1043|    0|
+-----------------+---------+-----+--------+-------+-----+
|Available        |      280|  220|  106400|  53200|    0|
+-----------------+---------+-----+--------+-------+-----+
|Utilization (%)  |        2|    1|      ~0|      1|    0|
+-----------------+---------+-----+--------+-------+-----+

+ Detail: 
    * Instance: 
    +--------------------------------------------+----------------------------------+---------+----+-----+-----+-----+
    |                  Instance                  |              Module              | BRAM_18K| DSP|  FF | LUT | URAM|
    +--------------------------------------------+----------------------------------+---------+----+-----+-----+-----+
    |grp_fir_Pipeline_Multiply_Accumulate_fu_84  |fir_Pipeline_Multiply_Accumulate  |        0|   4|  604|  350|    0|
    |grp_fir_Pipeline_Tapped_Delayed_Line_fu_72  |fir_Pipeline_Tapped_Delayed_Line  |        0|   0|  352|  461|    0|
    +--------------------------------------------+----------------------------------+---------+----+-----+-----+-----+
    |Total                                       |                                  |        0|   4|  956|  811|    0|
    +--------------------------------------------+----------------------------------+---------+----+-----+-----+-----+

    * DSP: 
    N/A

    * Memory: 
    +---------------------------+-------------------------------------+---------+---+----+-----+------+-----+------+-------------+
    |           Memory          |                Module               | BRAM_18K| FF| LUT| URAM| Words| Bits| Banks| W*Bits*Banks|
    +---------------------------+-------------------------------------+---------+---+----+-----+------+-----+------+-------------+
    |fir_int_int_shift_reg_U    |fir_int_int_shift_reg_RAM_AUTO_1R1W  |        2|  0|   0|    0|    32|   32|     1|         1024|
    |fir_int_int_shift_reg_1_U  |fir_int_int_shift_reg_RAM_AUTO_1R1W  |        2|  0|   0|    0|    32|   32|     1|         1024|
    |fir_int_int_shift_reg_2_U  |fir_int_int_shift_reg_RAM_AUTO_1R1W  |        2|  0|   0|    0|    32|   32|     1|         1024|
    |fir_int_int_shift_reg_3_U  |fir_int_int_shift_reg_RAM_AUTO_1R1W  |        2|  0|   0|    0|    32|   32|     1|         1024|
    +---------------------------+-------------------------------------+---------+---+----+-----+------+-----+------+-------------+
    |Total                      |                                     |        8|  0|   0|    0|   128|  128|     4|         4096|
    +---------------------------+-------------------------------------+---------+---+----+-----+------+-----+------+-------------+

    * FIFO: 
    N/A

    * Expression: 
    +---------------------------+----------+----+---+----+------------+------------+
    |       Variable Name       | Operation| DSP| FF| LUT| Bitwidth P0| Bitwidth P1|
    +---------------------------+----------+----+---+----+------------+------------+
    |fir_int_int_shift_reg_we0  |        or|   0|  0|   2|           1|           1|
    +---------------------------+----------+----+---+----+------------+------------+
    |Total                      |          |   0|  0|   2|           1|           1|
    +---------------------------+----------+----+---+----+------------+------------+

    * Multiplexer: 
    +----------------------------------+----+-----------+-----+-----------+
    |               Name               | LUT| Input Size| Bits| Total Bits|
    +----------------------------------+----+-----------+-----+-----------+
    |ap_NS_fsm                         |  37|          7|    1|          7|
    |fir_int_int_shift_reg_1_address0  |  14|          3|    5|         15|
    |fir_int_int_shift_reg_1_ce0       |  14|          3|    1|          3|
    |fir_int_int_shift_reg_1_ce1       |   9|          2|    1|          2|
    |fir_int_int_shift_reg_1_we0       |   9|          2|    1|          2|
    |fir_int_int_shift_reg_2_address0  |  14|          3|    5|         15|
    |fir_int_int_shift_reg_2_ce0       |  14|          3|    1|          3|
    |fir_int_int_shift_reg_2_ce1       |   9|          2|    1|          2|
    |fir_int_int_shift_reg_2_we0       |   9|          2|    1|          2|
    |fir_int_int_shift_reg_3_address0  |  14|          3|    5|         15|
    |fir_int_int_shift_reg_3_ce0       |  14|          3|    1|          3|
    |fir_int_int_shift_reg_3_ce1       |   9|          2|    1|          2|
    |fir_int_int_shift_reg_3_we0       |   9|          2|    1|          2|
    |fir_int_int_shift_reg_address0    |  14|          3|    5|         15|
    |fir_int_int_shift_reg_ce0         |  14|          3|    1|          3|
    |fir_int_int_shift_reg_ce1         |   9|          2|    1|          2|
    |fir_int_int_shift_reg_d0          |   9|          2|   32|         64|
    |fir_int_int_shift_reg_we0         |   9|          2|    1|          2|
    +----------------------------------+----+-----------+-----+-----------+
    |Total                             | 230|         49|   65|        159|
    +----------------------------------+----+-----------+-----+-----------+

    * Register: 
    +---------------------------------------------------------+---+----+-----+-----------+
    |                           Name                          | FF| LUT| Bits| Const Bits|
    +---------------------------------------------------------+---+----+-----+-----------+
    |ap_CS_fsm                                                |  6|   0|    6|          0|
    |grp_fir_Pipeline_Multiply_Accumulate_fu_84_ap_start_reg  |  1|   0|    1|          0|
    |grp_fir_Pipeline_Tapped_Delayed_Line_fu_72_ap_start_reg  |  1|   0|    1|          0|
    +---------------------------------------------------------+---+----+-----+-----------+
    |Total                                                    |  8|   0|    8|          0|
    +---------------------------------------------------------+---+----+-----+-----------+



================================================================
== Interface
================================================================
* Summary: 
+----------+-----+-----+------------+--------------+--------------+
| RTL Ports| Dir | Bits|  Protocol  | Source Object|    C Type    |
+----------+-----+-----+------------+--------------+--------------+
|ap_clk    |   in|    1|  ap_ctrl_hs|           fir|  return value|
|ap_rst    |   in|    1|  ap_ctrl_hs|           fir|  return value|
|ap_start  |   in|    1|  ap_ctrl_hs|           fir|  return value|
|ap_done   |  out|    1|  ap_ctrl_hs|           fir|  return value|
|ap_idle   |  out|    1|  ap_ctrl_hs|           fir|  return value|
|ap_ready  |  out|    1|  ap_ctrl_hs|           fir|  return value|
|y         |  out|   32|      ap_vld|             y|       pointer|
|y_ap_vld  |  out|    1|      ap_vld|             y|       pointer|
|x         |   in|   32|     ap_none|             x|        scalar|
+----------+-----+-----+------------+--------------+--------------+

